Loaded from files: 94 regulations, 300 controls, 456 ground-truth links
Benchmark: 94 regulations, 300 controls, 456 positive links
Negative controls: 300

Running: semantic
    semantic run 1/30 seed=42 | Top1=0.526 MRR@5=0.581 nDCG@5=0.398 R@5=0.345 Cov=0.842 SelAcc=0.625
    semantic run 2/30 seed=43 | Top1=0.421 MRR@5=0.491 nDCG@5=0.351 R@5=0.279 Cov=0.737 SelAcc=0.571
    semantic run 3/30 seed=44 | Top1=0.421 MRR@5=0.539 nDCG@5=0.337 R@5=0.272 Cov=0.737 SelAcc=0.571
    semantic run 4/30 seed=45 | Top1=0.263 MRR@5=0.360 nDCG@5=0.242 R@5=0.217 Cov=0.684 SelAcc=0.385
    semantic run 5/30 seed=46 | Top1=0.421 MRR@5=0.511 nDCG@5=0.371 R@5=0.346 Cov=0.579 SelAcc=0.636
    semantic run 6/30 seed=47 | Top1=0.316 MRR@5=0.414 nDCG@5=0.335 R@5=0.328 Cov=0.579 SelAcc=0.545
    semantic run 7/30 seed=48 | Top1=0.474 MRR@5=0.557 nDCG@5=0.340 R@5=0.239 Cov=0.789 SelAcc=0.600
    semantic run 8/30 seed=49 | Top1=0.211 MRR@5=0.390 nDCG@5=0.295 R@5=0.341 Cov=0.737 SelAcc=0.286
    semantic run 9/30 seed=50 | Top1=0.211 MRR@5=0.325 nDCG@5=0.184 R@5=0.175 Cov=0.737 SelAcc=0.286
    semantic run 10/30 seed=51 | Top1=0.158 MRR@5=0.333 nDCG@5=0.218 R@5=0.258 Cov=0.684 SelAcc=0.231
    semantic run 11/30 seed=52 | Top1=0.421 MRR@5=0.539 nDCG@5=0.349 R@5=0.292 Cov=0.842 SelAcc=0.500
    semantic run 12/30 seed=53 | Top1=0.474 MRR@5=0.566 nDCG@5=0.350 R@5=0.337 Cov=0.474 SelAcc=0.667
    semantic run 13/30 seed=54 | Top1=0.211 MRR@5=0.322 nDCG@5=0.204 R@5=0.233 Cov=0.842 SelAcc=0.250
    semantic run 14/30 seed=55 | Top1=0.316 MRR@5=0.511 nDCG@5=0.423 R@5=0.436 Cov=0.895 SelAcc=0.353
    semantic run 15/30 seed=56 | Top1=0.421 MRR@5=0.504 nDCG@5=0.286 R@5=0.260 Cov=0.789 SelAcc=0.400
    semantic run 16/30 seed=57 | Top1=0.474 MRR@5=0.649 nDCG@5=0.445 R@5=0.416 Cov=0.789 SelAcc=0.600
    semantic run 17/30 seed=58 | Top1=0.316 MRR@5=0.392 nDCG@5=0.277 R@5=0.288 Cov=0.789 SelAcc=0.400
    semantic run 18/30 seed=59 | Top1=0.421 MRR@5=0.531 nDCG@5=0.346 R@5=0.330 Cov=0.895 SelAcc=0.471
    semantic run 19/30 seed=60 | Top1=0.474 MRR@5=0.596 nDCG@5=0.309 R@5=0.201 Cov=0.684 SelAcc=0.615
    semantic run 20/30 seed=61 | Top1=0.474 MRR@5=0.596 nDCG@5=0.370 R@5=0.321 Cov=0.947 SelAcc=0.500
    semantic run 21/30 seed=62 | Top1=0.316 MRR@5=0.522 nDCG@5=0.408 R@5=0.429 Cov=0.632 SelAcc=0.417
    semantic run 22/30 seed=63 | Top1=0.263 MRR@5=0.471 nDCG@5=0.326 R@5=0.318 Cov=0.895 SelAcc=0.294
    semantic run 23/30 seed=64 | Top1=0.474 MRR@5=0.513 nDCG@5=0.367 R@5=0.312 Cov=0.684 SelAcc=0.692
    semantic run 24/30 seed=65 | Top1=0.316 MRR@5=0.449 nDCG@5=0.311 R@5=0.262 Cov=0.684 SelAcc=0.462
    semantic run 25/30 seed=66 | Top1=0.211 MRR@5=0.443 nDCG@5=0.294 R@5=0.322 Cov=0.789 SelAcc=0.267
    semantic run 26/30 seed=67 | Top1=0.368 MRR@5=0.440 nDCG@5=0.278 R@5=0.205 Cov=0.789 SelAcc=0.467
    semantic run 27/30 seed=68 | Top1=0.263 MRR@5=0.386 nDCG@5=0.256 R@5=0.253 Cov=0.632 SelAcc=0.333
    semantic run 28/30 seed=69 | Top1=0.316 MRR@5=0.445 nDCG@5=0.285 R@5=0.264 Cov=0.737 SelAcc=0.429
    semantic run 29/30 seed=70 | Top1=0.421 MRR@5=0.531 nDCG@5=0.379 R@5=0.334 Cov=0.842 SelAcc=0.438
    semantic run 30/30 seed=71 | Top1=0.421 MRR@5=0.531 nDCG@5=0.357 R@5=0.298 Cov=0.895 SelAcc=0.471

=== SEMANTIC Summary (mean ± 95% CI) ===
              top1: 0.360 ± 0.038
             mrr@5: 0.481 ± 0.032
             map@5: 0.240 ± 0.021
            ndcg@5: 0.323 ± 0.024
          recall@1: 0.113 ± 0.015
          recall@5: 0.297 ± 0.024
       precision@5: 0.217 ± 0.019
              f1@5: 0.248 ± 0.019
          coverage: 0.754 ± 0.041
        sel_acc@80: 0.459 ± 0.050
 micro_precision@1: 0.360 ± 0.038
    micro_recall@1: 0.077 ± 0.008
 micro_precision@5: 0.217 ± 0.019
    micro_recall@5: 0.231 ± 0.017
         avg_steps: N/A

Wrote: results_v3/pf\summary_semantic.csv
Loaded from files: 94 regulations, 300 controls, 456 ground-truth links
Benchmark: 94 regulations, 300 controls, 456 positive links
Negative controls: 300

Running: reranker
    reranker run 1/30 seed=42 | Top1=0.579 MRR@5=0.651 nDCG@5=0.413 R@5=0.376 Cov=0.842 SelAcc=0.625
    reranker run 2/30 seed=43 | Top1=0.421 MRR@5=0.526 nDCG@5=0.356 R@5=0.299 Cov=0.789 SelAcc=0.533
    reranker run 3/30 seed=44 | Top1=0.526 MRR@5=0.632 nDCG@5=0.392 R@5=0.326 Cov=0.842 SelAcc=0.562
    reranker run 4/30 seed=45 | Top1=0.526 MRR@5=0.596 nDCG@5=0.417 R@5=0.372 Cov=0.789 SelAcc=0.667
    reranker run 5/30 seed=46 | Top1=0.474 MRR@5=0.614 nDCG@5=0.404 R@5=0.334 Cov=0.737 SelAcc=0.571
    reranker run 6/30 seed=47 | Top1=0.474 MRR@5=0.554 nDCG@5=0.369 R@5=0.328 Cov=0.789 SelAcc=0.600
    reranker run 7/30 seed=48 | Top1=0.474 MRR@5=0.566 nDCG@5=0.362 R@5=0.276 Cov=0.526 SelAcc=0.800
    reranker run 8/30 seed=49 | Top1=0.421 MRR@5=0.535 nDCG@5=0.346 R@5=0.314 Cov=0.526 SelAcc=0.500
    reranker run 9/30 seed=50 | Top1=0.474 MRR@5=0.518 nDCG@5=0.278 R@5=0.233 Cov=0.789 SelAcc=0.533
    reranker run 10/30 seed=51 | Top1=0.368 MRR@5=0.535 nDCG@5=0.368 R@5=0.350 Cov=0.526 SelAcc=0.700
    reranker run 11/30 seed=52 | Top1=0.526 MRR@5=0.585 nDCG@5=0.408 R@5=0.375 Cov=0.632 SelAcc=0.750
    reranker run 12/30 seed=53 | Top1=0.263 MRR@5=0.447 nDCG@5=0.294 R@5=0.307 Cov=0.895 SelAcc=0.235
    reranker run 13/30 seed=54 | Top1=0.158 MRR@5=0.289 nDCG@5=0.206 R@5=0.243 Cov=0.632 SelAcc=0.250
    reranker run 14/30 seed=55 | Top1=0.421 MRR@5=0.589 nDCG@5=0.474 R@5=0.430 Cov=0.842 SelAcc=0.500
    reranker run 15/30 seed=56 | Top1=0.263 MRR@5=0.412 nDCG@5=0.250 R@5=0.234 Cov=0.842 SelAcc=0.312
    reranker run 16/30 seed=57 | Top1=0.474 MRR@5=0.640 nDCG@5=0.497 R@5=0.523 Cov=0.789 SelAcc=0.533
    reranker run 17/30 seed=58 | Top1=0.263 MRR@5=0.414 nDCG@5=0.290 R@5=0.282 Cov=0.632 SelAcc=0.417
    reranker run 18/30 seed=59 | Top1=0.474 MRR@5=0.535 nDCG@5=0.322 R@5=0.307 Cov=0.895 SelAcc=0.471
    reranker run 19/30 seed=60 | Top1=0.368 MRR@5=0.496 nDCG@5=0.311 R@5=0.218 Cov=0.895 SelAcc=0.353
    reranker run 20/30 seed=61 | Top1=0.368 MRR@5=0.482 nDCG@5=0.333 R@5=0.279 Cov=0.947 SelAcc=0.389
    reranker run 21/30 seed=62 | Top1=0.579 MRR@5=0.675 nDCG@5=0.450 R@5=0.407 Cov=0.684 SelAcc=0.692
    reranker run 22/30 seed=63 | Top1=0.368 MRR@5=0.509 nDCG@5=0.341 R@5=0.294 Cov=0.789 SelAcc=0.333
    reranker run 23/30 seed=64 | Top1=0.579 MRR@5=0.623 nDCG@5=0.427 R@5=0.387 Cov=0.737 SelAcc=0.714
    reranker run 24/30 seed=65 | Top1=0.474 MRR@5=0.561 nDCG@5=0.378 R@5=0.281 Cov=0.684 SelAcc=0.692
    reranker run 25/30 seed=66 | Top1=0.526 MRR@5=0.640 nDCG@5=0.333 R@5=0.268 Cov=0.632 SelAcc=0.667
    reranker run 26/30 seed=67 | Top1=0.316 MRR@5=0.395 nDCG@5=0.243 R@5=0.189 Cov=0.684 SelAcc=0.462
    reranker run 27/30 seed=68 | Top1=0.368 MRR@5=0.447 nDCG@5=0.293 R@5=0.287 Cov=0.632 SelAcc=0.417
    reranker run 28/30 seed=69 | Top1=0.421 MRR@5=0.563 nDCG@5=0.380 R@5=0.316 Cov=0.632 SelAcc=0.667
    reranker run 29/30 seed=70 | Top1=0.474 MRR@5=0.553 nDCG@5=0.393 R@5=0.319 Cov=0.579 SelAcc=0.636
    reranker run 30/30 seed=71 | Top1=0.526 MRR@5=0.632 nDCG@5=0.407 R@5=0.307 Cov=0.842 SelAcc=0.562

=== RERANKER Summary (mean ± 95% CI) ===
              top1: 0.432 ± 0.039
             mrr@5: 0.541 ± 0.033
             map@5: 0.272 ± 0.023
            ndcg@5: 0.358 ± 0.026
          recall@1: 0.135 ± 0.017
          recall@5: 0.315 ± 0.025
       precision@5: 0.237 ± 0.021
              f1@5: 0.268 ± 0.021
          coverage: 0.735 ± 0.045
        sel_acc@80: 0.538 ± 0.056
 micro_precision@1: 0.432 ± 0.039
    micro_recall@1: 0.092 ± 0.008
 micro_precision@5: 0.237 ± 0.021
    micro_recall@5: 0.253 ± 0.019
         avg_steps: N/A

Wrote: results_v3/pf\summary_reranker.csv
